.\venv\Scripts\python.exe
 : Creating test 
database for alias 
'default'...
At line:1 char:1
+ .\venv\Scripts\python.e
xe manage.py test decisio
ns.tests.DecisionAPIT ...
+ ~~~~~~~~~~~~~~~~~~~~~~~
~~~~~~~~~~~~~~~~~~~~~~~~~
~~~~~~~~~~~~~~~~~~~~~
    + CategoryInfo       
       : NotSpecified:   
  (Creating test d...a   
 s 'default'...:Strin    
g) [], RemoteExcepti    
on
    + FullyQualifiedErro 
   rId : NativeCommandE  
  rror
 


(process:18984): 
GLib-GIO-WARNING **: 
01:34:21.804: 
Unexpectedly, UWP app `Mi
crosoft.OutlookForWindows
_1.2025.1121.100_x64__8we
kyb3d8bbwe' (AUMId `Micro
soft.OutlookForWindows_8w
ekyb3d8bbwe!Microsoft.Out
lookforWindows') 
supports 4 extensions 
but has no verbs
E
=========================
=========================
====================
ERROR: test_download_pdf_
not_found (decisions.test
s.DecisionAPITests.test_d
ownload_pdf_not_found)
Test downloading 
non-existent PDF
-------------------------
-------------------------
--------------------
Traceback (most recent 
call last):
  File "C:\Users\HP\justi
cehub\backend\venv\Lib\si
te-packages\django\db\bac
kends\utils.py", line 
105, in _execute
    return 
self.cursor.execute(sql, 
params)
           ^^^^^^^^^^^^^^
^^^^^^^^^^^^^^^^^^
psycopg2.errors.UniqueVio
lation: duplicate key 
value violates unique 
constraint "accounts_user
_phone_number_key"
DETAIL:  Key 
(phone_number)=() 
already exists.


The above exception was 
the direct cause of the 
following exception:

Traceback (most recent 
call last):
  File "C:\Users\HP\justi
cehub\backend\decisions\t
ests.py", line 125, in 
setUp
    self.client_user = 
User.objects.create_user(
                       
^^^^^^^^^^^^^^^^^^^^^^^^^
  File "C:\Users\HP\justi
cehub\backend\accounts\ma
nagers.py", line 20, in 
create_user
    return 
self._create_user(email, 
password, **extra_fields)
           ^^^^^^^^^^^^^^
^^^^^^^^^^^^^^^^^^^^^^^^^
^^^^^^^^^^^
  File "C:\Users\HP\justi
cehub\backend\accounts\ma
nagers.py", line 14, in 
_create_user
    
user.save(using=self._db)
  File "C:\Users\HP\justi
cehub\backend\venv\Lib\si
te-packages\django\contri
b\auth\base_user.py", 
line 62, in save
    
super().save(**kwargs)
  File "C:\Users\HP\justi
cehub\backend\venv\Lib\si
te-packages\django\db\mod
els\base.py", line 874, 
in save
    self.save_base(
  File "C:\Users\HP\justi
cehub\backend\venv\Lib\si
te-packages\django\db\mod
els\base.py", line 966, 
in save_base
    updated = 
self._save_table(
              
^^^^^^^^^^^^^^^^^
  File "C:\Users\HP\justi
cehub\backend\venv\Lib\si
te-packages\django\db\mod
els\base.py", line 1169, 
in _save_table
    results = 
self._do_insert(
              
^^^^^^^^^^^^^^^^
  File "C:\Users\HP\justi
cehub\backend\venv\Lib\si
te-packages\django\db\mod
els\base.py", line 1220, 
in _do_insert
    return 
manager._insert(
           
^^^^^^^^^^^^^^^^
  File "C:\Users\HP\justi
cehub\backend\venv\Lib\si
te-packages\django\db\mod
els\manager.py", line 
87, in manager_method
    return getattr(self.g
et_queryset(), 
name)(*args, **kwargs)
           ^^^^^^^^^^^^^^
^^^^^^^^^^^^^^^^^^^^^^^^^
^^^^^^^^^^^^
  File "C:\Users\HP\justi
cehub\backend\venv\Lib\si
te-packages\django\db\mod
els\query.py", line 
1918, in _insert
    return query.get_comp
iler(using=using).execute
_sql(returning_fields)
           ^^^^^^^^^^^^^^
^^^^^^^^^^^^^^^^^^^^^^^^^
^^^^^^^^^^^^^^^^^^^^^^
  File "C:\Users\HP\justi
cehub\backend\venv\Lib\si
te-packages\django\db\mod
els\sql\compiler.py", 
line 1925, in execute_sql
    cursor.execute(sql, 
params)
  File "C:\Users\HP\justi
cehub\backend\venv\Lib\si
te-packages\django\db\bac
kends\utils.py", line 
79, in execute
    return self._execute_
with_wrappers(
           ^^^^^^^^^^^^^^
^^^^^^^^^^^^^^
  File "C:\Users\HP\justi
cehub\backend\venv\Lib\si
te-packages\django\db\bac
kends\utils.py", line 
92, in 
_execute_with_wrappers
    return executor(sql, 
params, many, context)
           ^^^^^^^^^^^^^^
^^^^^^^^^^^^^^^^^^^^^^
  File "C:\Users\HP\justi
cehub\backend\venv\Lib\si
te-packages\django\db\bac
kends\utils.py", line 
100, in _execute
    with self.db.wrap_dat
abase_errors:
         ^^^^^^^^^^^^^^^^
^^^^^^^^^^^^
  File "C:\Users\HP\justi
cehub\backend\venv\Lib\si
te-packages\django\db\uti
ls.py", line 94, in 
__exit__
    raise dj_exc_value.wi
th_traceback(traceback) 
from exc_value
  File "C:\Users\HP\justi
cehub\backend\venv\Lib\si
te-packages\django\db\bac
kends\utils.py", line 
105, in _execute
    return 
self.cursor.execute(sql, 
params)
           ^^^^^^^^^^^^^^
^^^^^^^^^^^^^^^^^^
django.db.utils.Integrity
Error: duplicate key 
value violates unique 
constraint "accounts_user
_phone_number_key"
DETAIL:  Key 
(phone_number)=() 
already exists.


-------------------------
-------------------------
--------------------
Ran 1 test in 3.475s

FAILED (errors=1)
Destroying test database 
for alias 'default'...


(process:18984): 
GLib-GIO-WARNING **: 
01:34:22.036: 
Unexpectedly, UWP app `Mi
crosoft.ScreenSketch_11.2
511.47.0_x64__8wekyb3d8bb
we' (AUMId `Microsoft.Scr
eenSketch_8wekyb3d8bbwe!A
pp') supports 29 
extensions but has no 
verbs

(process:18984): 
GLib-GIO-WARNING **: 
01:34:22.160: 
Unexpectedly, UWP app `Cl
ipchamp.Clipchamp_4.5.102
20.0_x64__yxz26nhyzhsrt' 
(AUMId `Clipchamp.Clipcha
mp_yxz26nhyzhsrt!App') 
supports 41 extensions 
but has no verbs
Found 1 test(s).
Successfully created admin user: admin@justicehub.com
Created default case statuses
Created default case categories
System check identified no issues (0 silenced).
